// Jest Snapshot v1, https://goo.gl/fbAQLP

exports[`(Component) Item should render correctly 1`] = `
<div
  className="sc-bwzfXH drhLpv"
  onClick={[Function]}
>
  <h2
    className="sc-bdVaJa kbFZZC"
  >
    Polo red
  </h2>
  <div>
    <div>
      <img
        className="sc-htpNat kRFHUR"
        srcSet="https://gloimg.samcdn.com/S/pdm-product-pic/Clothing/2016/06/03/source-img/20160603190149_72043.jpg"
      />
      <div
        className="sc-ifAKCX kYHPDS"
      >
        <div>
          <svg
            aria-hidden="true"
            className="svg-inline--fa fa-star fa-w-18 "
            color="orange"
            data-icon="star"
            data-prefix="fas"
            focusable="false"
            role="img"
            style={Object {}}
            viewBox="0 0 576 512"
            xmlns="http://www.w3.org/2000/svg"
          >
            <path
              d="M259.3 17.8L194 150.2 47.9 171.5c-26.2 3.8-36.7 36.1-17.7 54.6l105.7 103-25 145.5c-4.5 26.3 23.2 46 46.4 33.7L288 439.6l130.7 68.7c23.2 12.2 50.9-7.4 46.4-33.7l-25-145.5 105.7-103c19-18.5 8.5-50.8-17.7-54.6L382 150.2 316.7 17.8c-11.7-23.6-45.6-23.9-57.4 0z"
              fill="currentColor"
              style={Object {}}
            />
          </svg>
          <svg
            aria-hidden="true"
            className="svg-inline--fa fa-star fa-w-18 "
            color="orange"
            data-icon="star"
            data-prefix="fas"
            focusable="false"
            role="img"
            style={Object {}}
            viewBox="0 0 576 512"
            xmlns="http://www.w3.org/2000/svg"
          >
            <path
              d="M259.3 17.8L194 150.2 47.9 171.5c-26.2 3.8-36.7 36.1-17.7 54.6l105.7 103-25 145.5c-4.5 26.3 23.2 46 46.4 33.7L288 439.6l130.7 68.7c23.2 12.2 50.9-7.4 46.4-33.7l-25-145.5 105.7-103c19-18.5 8.5-50.8-17.7-54.6L382 150.2 316.7 17.8c-11.7-23.6-45.6-23.9-57.4 0z"
              fill="currentColor"
              style={Object {}}
            />
          </svg>
          <svg
            aria-hidden="true"
            className="svg-inline--fa fa-star fa-w-18 "
            color="orange"
            data-icon="star"
            data-prefix="fas"
            focusable="false"
            role="img"
            style={Object {}}
            viewBox="0 0 576 512"
            xmlns="http://www.w3.org/2000/svg"
          >
            <path
              d="M259.3 17.8L194 150.2 47.9 171.5c-26.2 3.8-36.7 36.1-17.7 54.6l105.7 103-25 145.5c-4.5 26.3 23.2 46 46.4 33.7L288 439.6l130.7 68.7c23.2 12.2 50.9-7.4 46.4-33.7l-25-145.5 105.7-103c19-18.5 8.5-50.8-17.7-54.6L382 150.2 316.7 17.8c-11.7-23.6-45.6-23.9-57.4 0z"
              fill="currentColor"
              style={Object {}}
            />
          </svg>
          <svg
            aria-hidden="true"
            className="svg-inline--fa fa-star fa-w-18 "
            color="orange"
            data-icon="star"
            data-prefix="fas"
            focusable="false"
            role="img"
            style={Object {}}
            viewBox="0 0 576 512"
            xmlns="http://www.w3.org/2000/svg"
          >
            <path
              d="M259.3 17.8L194 150.2 47.9 171.5c-26.2 3.8-36.7 36.1-17.7 54.6l105.7 103-25 145.5c-4.5 26.3 23.2 46 46.4 33.7L288 439.6l130.7 68.7c23.2 12.2 50.9-7.4 46.4-33.7l-25-145.5 105.7-103c19-18.5 8.5-50.8-17.7-54.6L382 150.2 316.7 17.8c-11.7-23.6-45.6-23.9-57.4 0z"
              fill="currentColor"
              style={Object {}}
            />
          </svg>
          <svg
            aria-hidden="true"
            className="svg-inline--fa fa-star fa-w-18 "
            color="lightgray"
            data-icon="star"
            data-prefix="fas"
            focusable="false"
            role="img"
            style={Object {}}
            viewBox="0 0 576 512"
            xmlns="http://www.w3.org/2000/svg"
          >
            <path
              d="M259.3 17.8L194 150.2 47.9 171.5c-26.2 3.8-36.7 36.1-17.7 54.6l105.7 103-25 145.5c-4.5 26.3 23.2 46 46.4 33.7L288 439.6l130.7 68.7c23.2 12.2 50.9-7.4 46.4-33.7l-25-145.5 105.7-103c19-18.5 8.5-50.8-17.7-54.6L382 150.2 316.7 17.8c-11.7-23.6-45.6-23.9-57.4 0z"
              fill="currentColor"
              style={Object {}}
            />
          </svg>
        </div>
      </div>
      <div
        className="sc-bxivhb eUsJrq"
      >
        <span
          className="ant-tag ant-tag-red sc-bZQynM didVjt"
          style={
            Object {
              "backgroundColor": undefined,
            }
          }
        >
          red
        </span>
      </div>
    </div>
    <div>
      <em
        className="sc-EHOje hvCOeX"
      >
        50
        $
      </em>
      <div>
        <span
          className="ant-tag sc-bZQynM didVjt"
          style={
            Object {
              "backgroundColor": undefined,
            }
          }
        >
          XL
        </span>
        <span
          className="ant-tag sc-bZQynM didVjt"
          style={
            Object {
              "backgroundColor": undefined,
            }
          }
        >
          L
        </span>
        <span
          className="ant-tag sc-bZQynM didVjt"
          style={
            Object {
              "backgroundColor": undefined,
            }
          }
        >
          M
        </span>
        <span
          className="ant-tag sc-bZQynM didVjt"
          style={
            Object {
              "backgroundColor": undefined,
            }
          }
        >
          S
        </span>
        <span
          className="ant-tag sc-bZQynM didVjt"
          style={
            Object {
              "backgroundColor": undefined,
            }
          }
        >
          XS
        </span>
      </div>
    </div>
  </div>
</div>
`;
